
> python tests/browser_test.py
PASS Boot renders 3D parts and embedded worker completes design checks
PASS Click-to-place, rotate, flip, undo and redo use the real controls
PASS Manual lead-to-lead trace honors selected width
PASS Three picked leads preview and commit an actual connected route
PASS Starter board routes all three nets without blocking geometry findings
PASS Native JSON export blob and reviewed file-input import round-trip
PASS Unsupported native import leaves the existing board unchanged
PASS Fabrication reads actual files and produces a complete manufacturing ZIP blob
PASS Unrouted boards require explicit diagnostic-export override
PASS Board size and polygon tools edit boundaries without scaling footprints
PASS Silkscreen text and drag-drawn shapes create editable manufacturing geometry
PASS Image conversion embeds its original and emits real silkscreen rectangles
PASS Executable SVG is rejected before image conversion
PASS Custom footprint wizard produces a placeable self-contained part
PASS Copper-zone drawing invokes worker fill and establishes physical connectivity
PASS Searchable pin table provides an alternative to picking small pads
PASS Baseline comparison and downloadable review report work
PASS Autosave/reload and quota-failure recovery work with the storage test double
PASS Dark/high-contrast themes and narrow responsive layout avoid page overflow
PASS No external asset requests or uncaught application exceptions
{
  "passed": 20,
  "total": 20
}

> python tests/platform_browser_test.py
PASS Platforms category exposes twenty-four searchable add-on/carrier parts
PASS Platform chooser renders a preview and explains nominal dimensions
PASS Every family creates an editable template; MKR carrier applies margin and hole options
PASS Starting a template is undoable and restores the previous project
PASS Unlock, rotate and flip controls move the compound header and its mounts
PASS Reference visibility is manufacturing-neutral; mounting-hole toggle updates real NPTH
PASS Place-on-current-board leaves the board boundary and existing data intact
PASS Searchable pin table finds GPIO aliases and selects the actual connector pad
PASS Locked Pi interface pads can be clicked and routed to a new component
PASS Pin-map CSV download contains physical IDs, signal names and top-view coordinates
PASS Native JSON download preserves embedded platform metadata and linked holes
PASS Platform workflow stays within the narrow-screen viewport
PASS No uncaught errors or external runtime asset requests
{
  "passed": 13,
  "total": 13
}

> python tests/via_browser_test.py
PASS Visible Via button opens controls and creates an assigned plated via
PASS Repeated placement uses preset/tenting defaults and supports undo/redo
PASS Unassigned empty-space vias stay visible to manufacturing checks
PASS Placing directly on an off-grid trace snaps to its center and inherits net
PASS Conflicting front/back nets produce a red preview and no board mutation
PASS Board-edge and mounting-hole clashes block standalone placement
PASS Bad annular rings and undersized drills do not change placement defaults
PASS Inspector edits dimensions/tenting and respects the via lock
PASS V during tracing inserts a via and continues a connected bottom-layer route
PASS Visible layer-change button commits trace plus via as one undoable edit
PASS Traces start/end on vias and a via remains selectable over its trace
PASS Via routes can finish directly on an existing same-net trace
PASS Blocked routing via leaves the trace, side and board unchanged
PASS Manage vias table selects objects for duplication and deletion
PASS Moving an attached via exposes disconnection instead of moving copper silently
PASS JSON backup and actual file-input import retain via details
PASS KiCad export explicitly warns about via mask/lock limitations
PASS A blocked arrow-key via move rolls back without an uncaught exception
PASS Placement, inspector and generated-file views render the actual via
PASS Narrow-screen users can reach the visible Via tool without page overflow
PASS No external asset requests or uncaught exceptions in via workflows
{"passed": 21, "total": 21}

> python tests/plane_browser_test.py
PASS Bottom-ground preset assigns one face and auto-fills without inventing pin nets or undo steps
PASS Top-power dropdown creates a separate named net and honestly reports no attached copper
PASS Through-hole lead accepts a direct plane attachment without an unnecessary via
PASS Opposite-face SMT lead previews then commits an actual trace and via
PASS Discarding an attachment leaves the native board unchanged
PASS One undo or redo handles net assignment, short trace, via and plane state together
PASS Inspector pin action supports keyboard-based plane attachment
PASS Two picked leads connect in one checked batch rather than merging every net
PASS Pad context menu exposes the same explicit plane workflow
PASS A conflicting assigned pin is rejected without a net merge or partial copper
PASS Cancelling the real connection worker adds no proposed copper
PASS A worker proposal cannot overwrite a newer board revision
PASS Board resize refollows and refills the plane without scaling components
PASS Ground preset preserves existing manual copper zones
PASS Auto-refill can be disabled; stale fabrication is blocked until a manual refill
PASS Changing plane assignment requires confirmation and retains existing lead nets
PASS Connections report exposes real disconnected plane islands, not just matching net names
PASS Hide-fill and face-view controls do not alter manufacturing copper
PASS Schema-3 backup and actual file-input import retain planes and verified attachments
PASS Per-face thermal settings persist and trigger a new fill
PASS Screenshots show real plane preview, accepted 3D board and copper-face views
PASS Plane assignment controls remain reachable on a narrow screen
PASS No external runtime requests or uncaught exceptions in plane workflows
23/23 plane browser tests passed.
