
> /opt/pyvenv/bin/python tests/browser_test.py
PASS Boot renders 3D parts and embedded worker completes design checks
PASS Click-to-place, rotate, flip, undo and redo use the real controls
PASS Manual lead-to-lead trace honors selected width
PASS Three picked leads preview and commit an actual connected route
PASS Starter board routes all three nets without blocking geometry findings
PASS Native JSON export blob and reviewed file-input import round-trip
PASS Unsupported native import leaves the existing board unchanged
PASS Fabrication reads actual files and produces a complete manufacturing ZIP blob
PASS Unrouted boards require explicit diagnostic-export override
PASS Board size and polygon tools edit boundaries without scaling footprints
PASS Silkscreen text and drag-drawn shapes create editable manufacturing geometry
PASS Image conversion embeds its original and emits real silkscreen rectangles
PASS Executable SVG is rejected before image conversion
PASS Custom footprint wizard produces a placeable self-contained part
PASS Copper-zone drawing invokes worker fill and establishes physical connectivity
PASS Searchable pin table provides an alternative to picking small pads
PASS Baseline comparison and downloadable review report work
PASS Autosave/reload and quota-failure recovery work with the storage test double
PASS Dark/high-contrast themes and narrow responsive layout avoid page overflow
PASS No external asset requests or uncaught application exceptions
{
  "passed": 20,
  "total": 20
}

> /opt/pyvenv/bin/python tests/silkscreen_browser_test.py
PASS Diode, LED and capacitor terminals have printed marks and full inspector names, without idle badges
PASS Hovering the K badge identifies the actual cathode lead rather than a nearby body
PASS Clicking an A badge in connection mode selects that exact anode pad
PASS Pin table searches by full electrical role, not just pin number
PASS Printing can be disabled without losing editor identification; undo and redo work
PASS Numeric/custom pins gain explicit roles without renumbering or copper/net changes
PASS Printable size/gap/offsets survive real JSON download and file-input import
PASS Rotation and side changes retain terminal identity and move printed symbols to the correct face
PASS Fabrication defaults include silk and expose both silk-only inspection controls
PASS Final top Gerber visibly retains the on-board line after all clear operations
PASS Final bottom Gerber retains readable component-side markings in the flipped view
PASS Viewer now correctly shows the old nested clear-frame reproducer as completely blank
PASS Viewer unions overlapping dark contours even with reversed winding
PASS The actual UI-generated ZIP contains the tested top and bottom Gerber text
PASS Polarity controls remain reachable and labeled on a narrow screen
PASS No external runtime requests or uncaught exceptions during the new workflows
16/16 silkscreen browser tests passed.

> /opt/pyvenv/bin/python tests/quiet_ui_browser_test.py
PASS Fresh startup has no slogans, welcome overlay or idle instructions
PASS Search and six compact catalog controls expose the parts grid above the fold
PASS Category selection and named-part search retain module/controller discovery
PASS Every compact library button opens its complete existing workflow
PASS Library tools is keyboard-operable and keeps its state through inspector refresh
PASS Active trace guidance is concise; tool help does not change the board or tool
PASS Via tool retains net/placement cautions and its complete on-demand instructions
PASS Part placement uses one context hint rather than a second instructional toast
PASS Keyboard and touch-accessible help retains displaced instructions and limitations
PASS Legacy welcome preferences do not restore clutter or discard saved UI settings
PASS Live error/warning counts and the fabrication export gate remain visible
PASS Autosave failures still display an explicit warning and JSON backup remains available
PASS Plain panel headings retain board fabrication limits and the active silkscreen face
PASS Fabrication retains exported-layer selection, CAM caution and identical file bytes
PASS Compact and active-tool layouts remain usable from 360 to 900 pixels wide
PASS Dark and high-contrast themes retain readable controls and status indicators
PASS The 193-part library and schema-5 native round trip remain unchanged
PASS Quiet-workbench interactions need no external requests and raise no uncaught errors
18 / 18 quiet UI checks passed.

> /opt/pyvenv/bin/python tests/casebench_browser_test.py
PASS Compact export arrow opens a dedicated CaseBench option with collapsed details
PASS Download captures a valid native schema-5 board without modifying the editor
PASS Bottom view, pan and mil display never transform or rescale exported coordinates
PASS Optional project extras include original artwork without changing geometry
PASS Uncommitted trace, connected edit, block placement and autowire previews block handoff
PASS A changed revision cannot download the previously reviewed board
PASS Unrouted boards and unfilled planes can be exported for enclosure work
PASS Board panel provides a direct CaseBench export independent of fabrication
PASS Oversized full project is blocked; compact board-only export remains available
PASS Rotated bottom module keeps active local holes and existing stacked body height
PASS Downloaded handoff reopens through the real CopperBench JSON import controls
PASS Desktop export summary remains compact and readable
PASS Mobile export menu and project files both reach the handoff without horizontal overflow
PASS Project title is escaped in the export summary
PASS Handoff controls produce no uncaught JavaScript errors or external requests
15/15 CaseBench browser checks passed
